ASxxxx Linker V03.00 + NoICE + sdld,  page 1.
Hexadecimal  [32-Bits]

Area                                    Addr        Size        Decimal Bytes (Attributes)
--------------------------------        ----        ----        ------- ----- ------------
.  .ABS.                            00000000    00000000 =           0. bytes (ABS,CON)

      Value  Global                              Global Defined In Module
      -----  --------------------------------   ------------------------
     00000000  .__.ABS.                           
     00000000  l__CABS                         
     00000000  l__DABS                         
     00000000  l__GSFINAL                      
     00000000  l__GSINIT                       
     00000000  l__HOME                         
     00000000  s__CABS                         
     00000000  s__DABS                         
     00000001  l__INITIALIZED                  
     00000001  l__INITIALIZER                  
     00000F00  l__DATA                         
     00002720  l__CODE                         
     00004000  s__CODE                         
     00006720  s__DATA                         
     00007620  s__INITIALIZED                  
     00007621  s__GSFINAL                      
     00007621  s__GSINIT                       
     00007621  s__HOME                         
     00007621  s__INITIALIZER                  

ASxxxx Linker V03.00 + NoICE + sdld,  page 2.
Hexadecimal  [32-Bits]

Area                                    Addr        Size        Decimal Bytes (Attributes)
--------------------------------        ----        ----        ------- ----- ------------
_CODE                               00004000    00002720 =       10016. bytes (REL,CON)

      Value  Global                              Global Defined In Module
      -----  --------------------------------   ------------------------
     00004000  _drawTrain                         main
     00004001  _main                              main
     00004131  _windowInfoTile                    game
     000043EE  _menuStations                      game
     00004463  _menuTile                          game
     00004613  _game                              game
     00004B0F  _drawCursor                        world
     00004D44  _patternTile                       world
     00004E41  _generateWorld                     world
     0000527D  _drawTile                          world
     000054A5  _drawScrolls                       world
     0000553E  _drawWorld                         world
     00005577  _putM0                             gui
     0000558A  _putM1                             gui
     0000559E  _putM2                             gui
     000055C0  _drawBoxM0                         gui
     000056DA  _drawBoxM2                         gui
     000057BA  _EraseMenuEntry                    gui
     00005874  _drawMenuEntry                     gui
     000059A4  _drawMenu                          gui
     00005AA2  _drawWindow                        gui
     00005C3D  _paletteTrains                     global
     00005C4D  _paletteMenusM1                    global
     00005C51  _paletteMenusM2                    global
     00005C53  _grass1                            sprites
     00005C93  _grass2                            sprites
     00005CD3  _forest                            sprites
     00005D13  _dwellings1                        sprites
     00005D53  _dwellings2                        sprites
     00005D93  _dwellings3                        sprites
     00005DD3  _water                             sprites
     00005E13  _farm1                             sprites
     00005E53  _farm2                             sprites
     00005E93  _livestock                         sprites
     00005ED3  _station_small_ns                  sprites
     00005F13  _station_small_ew                  sprites
     00005F53  _station_medium_ns                 sprites
     00005F93  _station_medium_ew                 sprites
     00005FD3  _station_large_ns                  sprites
     00006013  _station_large_ew                  sprites
     00006053  _rail_ew                           sprites
     00006093  _rail_ns                           sprites
     000060D3  _rail_en                           sprites
     00006113  _rail_es                           sprites
     00006153  _rail_wn                           sprites
     00006193  _rail_ws                           sprites
     000061D3  _rail_ew_n                         sprites
     00006213  _rail_ew_s                         sprites
     00006253  _rail_ns_w                         sprites
     00006293  _rail_ns_e                         sprites
ASxxxx Linker V03.00 + NoICE + sdld,  page 3.
Hexadecimal  [32-Bits]

Area                                    Addr        Size        Decimal Bytes (Attributes)
--------------------------------        ----        ----        ------- ----- ------------
_CODE                               00004000    00002720 =       10016. bytes (REL,CON)

      Value  Global                              Global Defined In Module
      -----  --------------------------------   ------------------------
     000062D3  _cpct_setPalette                   cpct_video
     000062EA  _cpct_isKeyPressed                 cpct_keyboard
     000062EA  cpct_isKeyPressed_asm              cpct_keyboard
     000062F6  _cpct_setPALColour                 cpct_video
     00006302  _cpct_getBit                       cpct_bitarray
     00006321  _cpct_drawStringM2                 cpct_strings
     00006329  cpct_drawStringM2_asm              cpct_strings
     00006342  _cpct_drawSprite                   cpct_sprites
     000063E7  __moduchar                         
     000063F3  __moduint                          
     000063FE  _cpct_drawCharM2                   cpct_strings
     00006404  cpct_drawCharM2_asm                cpct_strings
     0000644A  _cpct_count2VSYNC                  cpct_video
     0000644A  cpct_count2VSYNC_asm               cpct_video
     00006456  _cpct_fw2hw                        cpct_video
     00006469  _cpct_keyboardStatusBuffer         cpct_keyboard
     00006473  _cpct_setSeed_mxor                 cpct_random
     00006473  cpct_setSeed_mxor_asm              cpct_random
     0000647B  __divuint                          
     00006483  __divuchar                         
     0000648A  __divu8                            
     0000648D  __divu16                           
     000064BC  cpct_bitWeights                    cpct_bitarray
     000064C4  _cpct_reenableFirmware             cpct_firmware
     000064C4  cpct_reenableFirmware_asm          cpct_firmware
     000064CF  cpct_firmware2hw_colour            
     000064EA  _cpct_setVideoMode                 cpct_video
     000064EF  cpct_setVideoMode_asm              cpct_video
     000064FC  _cpct_px2byteM0                    cpct_sprites
     00006518  _cpct_memset                       cpct_memutils
     00006526  _cpct_px2byteM1                    cpct_sprites
     0000653F  _strlen                            
     0000654E  _cpct_disableFirmware              cpct_firmware
     0000654E  _cpct_removeInterruptHandler       cpct_firmware
     0000654E  cpct_disableFirmware_asm           cpct_firmware
     0000654E  cpct_removeInterruptHandler_asm    cpct_firmware
     0000655E  _cpct_getRandom_mxor_u8            cpct_random
     0000655E  cpct_getRandom_mxor_u8             cpct_random
     00006582  _cpct_getRandomUniform_u8_f        cpct_random
     00006582  cpct_getRandomUniform_u8_f_asm     cpct_random
     00006582  cpct_randUnifu8_seed               cpct_random
     00006593  _cpct_drawSolidBox                 cpct_sprites
     0000664B  _cpct_mode_rom_status              cpct_firmware
     0000664C  _cpct_getScreenPtr                 cpct_video
     0000666C  _cpct_scanKeyboard                 cpct_keyboard
     0000666C  cpct_scanKeyboard_asm              cpct_keyboard
     0000669D  __divsint                          
     000066A6  __divschar                         
     000066AD  __div8                             
     000066B1  __div_signexte                     
     000066B5  __div16                            
ASxxxx Linker V03.00 + NoICE + sdld,  page 4.
Hexadecimal  [32-Bits]

Area                                    Addr        Size        Decimal Bytes (Attributes)
--------------------------------        ----        ----        ------- ----- ------------
_CODE                               00004000    00002720 =       10016. bytes (REL,CON)

      Value  Global                              Global Defined In Module
      -----  --------------------------------   ------------------------
     000066DB  __get_remainder                    
     000066E5  _cpct_mxor32_seed                  cpct_random
     000066E9  _cpct_nextRandom_mxor_u32          cpct_random
     000066E9  cpct_nextRandom_mxor_u32_asm       cpct_random
     0000670C  dc_mode0_ct                        cpct_strings
     0000671C  dc_mode1_ct                        

ASxxxx Linker V03.00 + NoICE + sdld,  page 5.
Hexadecimal  [32-Bits]

Area                                    Addr        Size        Decimal Bytes (Attributes)
--------------------------------        ----        ----        ------- ----- ------------
_DATA                               00006720    00000F00 =        3840. bytes (REL,CON)

      Value  Global                              Global Defined In Module
      -----  --------------------------------   ------------------------
     00006720  _p_world                           global

ASxxxx Linker V03.00 + NoICE + sdld,  page 6.
Hexadecimal  [32-Bits]

Area                                    Addr        Size        Decimal Bytes (Attributes)
--------------------------------        ----        ----        ------- ----- ------------
_INITIALIZED                        00007620    00000001 =           1. bytes (REL,CON)

      Value  Global                              Global Defined In Module
      -----  --------------------------------   ------------------------
     00007620  _CURSOR_MODE                       global

ASxxxx Linker V03.00 + NoICE + sdld,  page 7.
Hexadecimal  [32-Bits]

Area                                    Addr        Size        Decimal Bytes (Attributes)
--------------------------------        ----        ----        ------- ----- ------------
_INITIALIZER                        00007621    00000001 =           1. bytes (REL,CON)

      Value  Global                              Global Defined In Module
      -----  --------------------------------   ------------------------
ASxxxx Linker V03.00 + NoICE + sdld,  page 8.

Files Linked                              [ module(s) ]

obj/main.rel                              [ main ]
obj/game/game.rel                         [ game ]
obj/game/world.rel                        [ world ]
obj/gui/gui.rel                           [ gui ]
obj/data/global.rel                       [ global ]
obj/data/sprites.rel                      [ sprites ]


Libraries Linked                          [ object file ]

/home/arnaud/Téléchargements/cpctelera-master/cpctelera/cpctelera.lib
                                          [ cpct_setPalette_cbindings.rel ]
/home/arnaud/Téléchargements/cpctelera-master/cpctelera/cpctelera.lib
                                          [ cpct_isKeyPressed.rel ]
/home/arnaud/Téléchargements/cpctelera-master/cpctelera/cpctelera.lib
                                          [ cpct_setPALColour_cbindings.rel ]
/home/arnaud/Téléchargements/cpctelera-master/cpctelera/cpctelera.lib
                                          [ cpct_getBit_cbindings.rel ]
/home/arnaud/Téléchargements/cpctelera-master/cpctelera/cpctelera.lib
                                          [ cpct_drawStringM2.rel ]
/home/arnaud/Téléchargements/cpctelera-master/cpctelera/cpctelera.lib
                                          [ cpct_drawSprite_cbindings.rel ]
/home/arnaud/Téléchargements/cpctelera-master/cpctelera/tools/sdcc-3.5.0/bin/../share/sdcc/lib/z80/z80.lib
                                          [ modunsigned.rel ]
/home/arnaud/Téléchargements/cpctelera-master/cpctelera/cpctelera.lib
                                          [ cpct_drawCharM2.rel ]
/home/arnaud/Téléchargements/cpctelera-master/cpctelera/cpctelera.lib
                                          [ cpct_count2VSYNC.rel ]
/home/arnaud/Téléchargements/cpctelera-master/cpctelera/cpctelera.lib
                                          [ cpct_fw2hw_cbindings.rel ]
/home/arnaud/Téléchargements/cpctelera-master/cpctelera/cpctelera.lib
                                          [ keyboard.rel ]
/home/arnaud/Téléchargements/cpctelera-master/cpctelera/cpctelera.lib
                                          [ cpct_setSeed_mxor.rel ]
/home/arnaud/Téléchargements/cpctelera-master/cpctelera/tools/sdcc-3.5.0/bin/../share/sdcc/lib/z80/z80.lib
                                          [ divunsigned.rel ]
/home/arnaud/Téléchargements/cpctelera-master/cpctelera/cpctelera.lib
                                          [ cpct_bitWeightsVector.rel ]
/home/arnaud/Téléchargements/cpctelera-master/cpctelera/cpctelera.lib
                                          [ cpct_reenableFirmware.rel ]
/home/arnaud/Téléchargements/cpctelera-master/cpctelera/cpctelera.lib
                                          [ cpct_firmware2hw_colour_table.re ]
/home/arnaud/Téléchargements/cpctelera-master/cpctelera/cpctelera.lib
                                          [ cpct_setVideoMode.rel ]
/home/arnaud/Téléchargements/cpctelera-master/cpctelera/cpctelera.lib
                                          [ cpct_px2byteM0_cbindings.rel ]
/home/arnaud/Téléchargements/cpctelera-master/cpctelera/cpctelera.lib
                                          [ cpct_memset_cbinding.rel ]
/home/arnaud/Téléchargements/cpctelera-master/cpctelera/cpctelera.lib
                                          [ cpct_px2byteM1.rel ]
/home/arnaud/Téléchargements/cpctelera-master/cpctelera/tools/sdcc-3.5.0/bin/../share/sdcc/lib/z80/z80.lib
                                          [ strlen.rel ]
/home/arnaud/Téléchargements/cpctelera-master/cpctelera/cpctelera.lib
                                          [ cpct_removeInterruptHandler.rel ]
/home/arnaud/Téléchargements/cpctelera-master/cpctelera/cpctelera.lib
                                          [ cpct_getRandom_mxor_u8.rel ]
/home/arnaud/Téléchargements/cpctelera-master/cpctelera/cpctelera.lib
                                          [ cpct_getRandomUniform_u8_f.rel ]
/home/arnaud/Téléchargements/cpctelera-master/cpctelera/cpctelera.lib
                                          [ cpct_drawSolidBox_cbindings.rel ]
/home/arnaud/Téléchargements/cpctelera-master/cpctelera/cpctelera.lib
                                          [ cpc_mode_rom_status.rel ]
/home/arnaud/Téléchargements/cpctelera-master/cpctelera/cpctelera.lib
                                          [ cpct_getScreenPtr_cbindings.rel ]
/home/arnaud/Téléchargements/cpctelera-master/cpctelera/cpctelera.lib
                                          [ cpct_scanKeyboard.rel ]
/home/arnaud/Téléchargements/cpctelera-master/cpctelera/tools/sdcc-3.5.0/bin/../share/sdcc/lib/z80/z80.lib
                                          [ divsigned.rel ]
/home/arnaud/Téléchargements/cpctelera-master/cpctelera/cpctelera.lib
                                          [ cpct_mxor32_seed.rel ]
/home/arnaud/Téléchargements/cpctelera-master/cpctelera/cpctelera.lib
                                          [ cpct_nextRandom_mxor_u32.rel ]
/home/arnaud/Téléchargements/cpctelera-master/cpctelera/cpctelera.lib
                                          [ cpct_dc_mode0_ct.rel ]
/home/arnaud/Téléchargements/cpctelera-master/cpctelera/cpctelera.lib
                                          [ cpct_dc_mode1_ct.rel ]

ASxxxx Linker V03.00 + NoICE + sdld,  page 9.

User Base Address Definitions

_CODE = 0x4000
_DATA = 0x0000

