ASxxxx Linker V03.00 + NoICE + sdld,  page 1.
Hexadecimal  [32-Bits]

Area                                    Addr        Size        Decimal Bytes (Attributes)
--------------------------------        ----        ----        ------- ----- ------------
.  .ABS.                            00000000    00000000 =           0. bytes (ABS,CON)

      Value  Global                              Global Defined In Module
      -----  --------------------------------   ------------------------
     00000000  .__.ABS.                           
     00000000  l__CABS                         
     00000000  l__DABS                         
     00000000  l__DATA                         
     00000000  l__GSFINAL                      
     00000000  l__GSINIT                       
     00000000  l__HOME                         
     00000000  l__INITIALIZED                  
     00000000  l__INITIALIZER                  
     00000000  s__CABS                         
     00000000  s__DABS                         
     0000155D  l__CODE                         
     00004000  s__CODE                         
     0000555D  s__DATA                         
     0000555D  s__GSFINAL                      
     0000555D  s__GSINIT                       
     0000555D  s__HOME                         
     0000555D  s__INITIALIZED                  
     0000555D  s__INITIALIZER                  

ASxxxx Linker V03.00 + NoICE + sdld,  page 2.
Hexadecimal  [32-Bits]

Area                                    Addr        Size        Decimal Bytes (Attributes)
--------------------------------        ----        ----        ------- ----- ------------
_CODE                               00004000    0000155D =        5469. bytes (REL,CON)

      Value  Global                              Global Defined In Module
      -----  --------------------------------   ------------------------
     00004000  _drawBoxM0                         main
     0000411A  _paletteTrains                     main
     0000412A  _paletteMenusM1                    main
     0000412E  _paletteMenusM2                    main
     00004130  _grass1                            main
     00004170  _grass2                            main
     000041B0  _forest                            main
     000041F0  _dwellings1                        main
     00004230  _dwellings2                        main
     00004270  _dwellings3                        main
     000042B0  _water                             main
     000042F0  _farm1                             main
     00004330  _farm2                             main
     00004370  _livestock                         main
     000043B0  _drawBoxM2                         main
     00004490  _drawMenuEntry                     main
     000045D5  _drawMenu                          main
     00004683  _drawWindow                        main
     00004820  _drawCursor                        main
     0000491B  _generateWorld                     main
     00004ADA  _drawTile                          main
     00004BE5  _drawWorld                         main
     00004CA7  _game                              main
     0000502F  _drawTrain                         main
     00005030  _putM0                             main
     00005043  _putM2                             main
     00005057  _main                              main
     00005196  _cpct_setRandomSeedUniform_u8      cpct_random
     00005196  cpct_setRandomSeedUniform_u8_asm   cpct_random
     0000519B  _cpct_setPalette                   cpct_video
     000051B2  _cpct_isKeyPressed                 cpct_keyboard
     000051B2  cpct_isKeyPressed_asm              cpct_keyboard
     000051BE  _cpct_setPALColour                 cpct_video
     000051CA  _cpct_drawStringM2                 cpct_strings
     000051D2  cpct_drawStringM2_asm              cpct_strings
     000051EB  _cpct_drawSprite                   cpct_sprites
     00005290  __moduchar                         
     0000529C  __moduint                          
     000052A7  _cpct_drawCharM2                   cpct_strings
     000052AD  cpct_drawCharM2_asm                cpct_strings
     000052F3  _cpct_fw2hw                        cpct_video
     00005306  _cpct_keyboardStatusBuffer         cpct_keyboard
     00005310  __divuint                          
     00005318  __divuchar                         
     0000531F  __divu8                            
     00005322  __divu16                           
     00005351  _cpct_reenableFirmware             cpct_firmware
     00005351  cpct_reenableFirmware_asm          cpct_firmware
     00005357  cpct_firmware2hw_colour            
     00005372  _cpct_getRandomUniform_u8_f        cpct_random
ASxxxx Linker V03.00 + NoICE + sdld,  page 3.
Hexadecimal  [32-Bits]

Area                                    Addr        Size        Decimal Bytes (Attributes)
--------------------------------        ----        ----        ------- ----- ------------
_CODE                               00004000    0000155D =        5469. bytes (REL,CON)

      Value  Global                              Global Defined In Module
      -----  --------------------------------   ------------------------
     00005372  cpct_getRandomUniform_u8_f_asm     cpct_random
     00005372  cpct_randUnifu8_seed               cpct_random
     00005383  _cpct_setVideoMode                 cpct_video
     00005388  cpct_setVideoMode_asm              cpct_video
     00005395  _cpct_px2byteM0                    cpct_sprites
     000053B1  _cpct_memset                       cpct_memutils
     000053BF  _cpct_px2byteM1                    cpct_sprites
     000053D8  _strlen                            
     000053E7  _cpct_disableFirmware              cpct_firmware
     000053E7  cpct_disableFirmware_asm           cpct_firmware
     000053F7  _cpct_drawSolidBox                 cpct_sprites
     000054AF  _cpct_mode_rom_status              cpct_firmware
     000054B0  _cpct_getScreenPtr                 cpct_video
     000054D0  _cpct_scanKeyboard                 cpct_keyboard
     000054D0  cpct_scanKeyboard_asm              cpct_keyboard
     00005501  __divsint                          
     0000550A  __divschar                         
     00005511  __div8                             
     00005515  __div_signexte                     
     00005519  __div16                            
     0000553F  __get_remainder                    
     00005549  dc_mode0_ct                        cpct_strings
     00005559  dc_mode1_ct                        

ASxxxx Linker V03.00 + NoICE + sdld,  page 4.

Files Linked                              [ module(s) ]

obj/main.rel                              [ main ]


Libraries Linked                          [ object file ]

/home/arnaud/Téléchargements/cpctelera-1.3/cpctelera/cpctelera.lib
                                          [ cpct_setRandomSeedUniform_u8.rel ]
/home/arnaud/Téléchargements/cpctelera-1.3/cpctelera/cpctelera.lib
                                          [ cpct_setPalette_cbindings.rel ]
/home/arnaud/Téléchargements/cpctelera-1.3/cpctelera/cpctelera.lib
                                          [ cpct_isKeyPressed.rel ]
/home/arnaud/Téléchargements/cpctelera-1.3/cpctelera/cpctelera.lib
                                          [ cpct_setPALColour_cbindings.rel ]
/home/arnaud/Téléchargements/cpctelera-1.3/cpctelera/cpctelera.lib
                                          [ cpct_drawStringM2.rel ]
/home/arnaud/Téléchargements/cpctelera-1.3/cpctelera/cpctelera.lib
                                          [ cpct_drawSprite_cbindings.rel ]
/home/arnaud/Téléchargements/cpctelera-1.3/cpctelera/tools/sdcc-3.5.0/bin/../share/sdcc/lib/z80/z80.lib
                                          [ modunsigned.rel ]
/home/arnaud/Téléchargements/cpctelera-1.3/cpctelera/cpctelera.lib
                                          [ cpct_drawCharM2.rel ]
/home/arnaud/Téléchargements/cpctelera-1.3/cpctelera/cpctelera.lib
                                          [ cpct_fw2hw_cbindings.rel ]
/home/arnaud/Téléchargements/cpctelera-1.3/cpctelera/cpctelera.lib
                                          [ keyboard.rel ]
/home/arnaud/Téléchargements/cpctelera-1.3/cpctelera/tools/sdcc-3.5.0/bin/../share/sdcc/lib/z80/z80.lib
                                          [ divunsigned.rel ]
/home/arnaud/Téléchargements/cpctelera-1.3/cpctelera/cpctelera.lib
                                          [ cpct_reenableFirmware.rel ]
/home/arnaud/Téléchargements/cpctelera-1.3/cpctelera/cpctelera.lib
                                          [ cpct_firmware2hw_colour_table.re ]
/home/arnaud/Téléchargements/cpctelera-1.3/cpctelera/cpctelera.lib
                                          [ cpct_getRandomUniform_u8_f.rel ]
/home/arnaud/Téléchargements/cpctelera-1.3/cpctelera/cpctelera.lib
                                          [ cpct_setVideoMode.rel ]
/home/arnaud/Téléchargements/cpctelera-1.3/cpctelera/cpctelera.lib
                                          [ cpct_px2byteM0_cbindings.rel ]
/home/arnaud/Téléchargements/cpctelera-1.3/cpctelera/cpctelera.lib
                                          [ cpct_memset_cbinding.rel ]
/home/arnaud/Téléchargements/cpctelera-1.3/cpctelera/cpctelera.lib
                                          [ cpct_px2byteM1.rel ]
/home/arnaud/Téléchargements/cpctelera-1.3/cpctelera/tools/sdcc-3.5.0/bin/../share/sdcc/lib/z80/z80.lib
                                          [ strlen.rel ]
/home/arnaud/Téléchargements/cpctelera-1.3/cpctelera/cpctelera.lib
                                          [ cpct_disableFirmware.rel ]
/home/arnaud/Téléchargements/cpctelera-1.3/cpctelera/cpctelera.lib
                                          [ cpct_drawSolidBox_cbindings.rel ]
/home/arnaud/Téléchargements/cpctelera-1.3/cpctelera/cpctelera.lib
                                          [ cpc_mode_rom_status.rel ]
/home/arnaud/Téléchargements/cpctelera-1.3/cpctelera/cpctelera.lib
                                          [ cpct_getScreenPtr_cbindings.rel ]
/home/arnaud/Téléchargements/cpctelera-1.3/cpctelera/cpctelera.lib
                                          [ cpct_scanKeyboard.rel ]
/home/arnaud/Téléchargements/cpctelera-1.3/cpctelera/tools/sdcc-3.5.0/bin/../share/sdcc/lib/z80/z80.lib
                                          [ divsigned.rel ]
/home/arnaud/Téléchargements/cpctelera-1.3/cpctelera/cpctelera.lib
                                          [ cpct_dc_mode0_ct.rel ]
/home/arnaud/Téléchargements/cpctelera-1.3/cpctelera/cpctelera.lib
                                          [ cpct_dc_mode1_ct.rel ]

ASxxxx Linker V03.00 + NoICE + sdld,  page 5.

User Base Address Definitions

_CODE = 0x4000
_DATA = 0x0000

