ASxxxx Linker V03.00 + NoICE + sdld,  page 1.
Hexadecimal  [32-Bits]

Area                                    Addr        Size        Decimal Bytes (Attributes)
--------------------------------        ----        ----        ------- ----- ------------
.  .ABS.                            00000000    00000000 =           0. bytes (ABS,CON)

      Value  Global                              Global Defined In Module
      -----  --------------------------------   ------------------------
     00000000  .__.ABS.                           
     00000000  l__CABS                         
     00000000  l__DABS                         
     00000000  l__GSFINAL                      
     00000000  l__HOME                         
     00000000  l__g_masktable_                 
     00000000  s__CABS                         
     00000000  s__DABS                         
     00000000  s__g_masktable_                 
     00000000  s__g_masktable_0                
     00000001  l__HEAP_END                     
     00000002  l__INITIALIZED                  
     00000002  l__INITIALIZER                  
     00000003  l__GSINIT                       
     00000100  l__g_masktable_0                
     000003FF  l__HEAP                         
     00000F04  l__DATA                         
     00000FF0  l__CSEG                         
     0000280D  l__CODE                         
     00004000  s__CODE                         
     0000680D  s__DATA                         
     00007711  s__INITIALIZED                  
     00007713  s__GSINIT                       
     00007713  s__HOME                         
     00007716  s__GSFINAL                      
     00007716  s__INITIALIZER                  
     00007718  s__CSEG                         
     00008708  s__HEAP                         
     00008B07  s__HEAP_END                     

ASxxxx Linker V03.00 + NoICE + sdld,  page 2.
Hexadecimal  [32-Bits]

Area                                    Addr        Size        Decimal Bytes (Attributes)
--------------------------------        ----        ----        ------- ----- ------------
_CODE                               00004000    0000280D =       10253. bytes (REL,CON)

      Value  Global                              Global Defined In Module
      -----  --------------------------------   ------------------------
     00004000  _main                              main
     00004122  _putM0                             gui
     00004133  _putM1                             gui
     00004144  _putM2                             gui
     00004163  _drawBoxM0                         gui
     00004272  _drawBoxM2                         gui
     0000434D  _EraseMenuEntry                    gui
     00004403  _drawMenuEntry                     gui
     0000452F  _drawMenu                          gui
     0000462D  _drawWindow                        gui
     000047BE  _paletteTrains                     global
     000047CE  _paletteMenusM1                    global
     000047D2  _paletteMenusM2                    global
     000047D4  _grass1                            sprites
     00004814  _grass2                            sprites
     00004854  _forest                            sprites
     00004894  _dwellings1                        sprites
     000048D4  _dwellings2                        sprites
     00004914  _dwellings3                        sprites
     00004954  _water                             sprites
     00004994  _farm1                             sprites
     000049D4  _farm2                             sprites
     00004A14  _livestock                         sprites
     00004A54  _station_small_ns                  sprites
     00004A94  _station_small_ew                  sprites
     00004AD4  _station_medium_ns                 sprites
     00004B14  _station_medium_ew                 sprites
     00004B54  _station_large_ns                  sprites
     00004B94  _station_large_ew                  sprites
     00004BD4  _rail_ew                           sprites
     00004C14  _rail_ns                           sprites
     00004C54  _rail_en                           sprites
     00004C94  _rail_es                           sprites
     00004CD4  _rail_wn                           sprites
     00004D14  _rail_ws                           sprites
     00004D54  _rail_ew_n                         sprites
     00004D94  _rail_ew_s                         sprites
     00004DD4  _rail_ns_w                         sprites
     00004E14  _rail_ns_e                         sprites
     00004E54  _train_h                           sprites
     00004E94  _train_v                           sprites
     00004ED4  _dummy_cpct_transparentMaskTable   world
     00004ED4  _windowInfoTile                    game
     000050C0  _menuStations                      game
     0000512F  _menuTile                          game
     000052DD  _game                              game
     000059D3  _trainManagement                   train
     00005A25  _confirmBuyTrain                   train
     00005D03  _buyTrain                          train
     00005E02  _realloc                           realloc
ASxxxx Linker V03.00 + NoICE + sdld,  page 3.
Hexadecimal  [32-Bits]

Area                                    Addr        Size        Decimal Bytes (Attributes)
--------------------------------        ----        ----        ------- ----- ------------
_CODE                               00004000    0000280D =       10253. bytes (REL,CON)

      Value  Global                              Global Defined In Module
      -----  --------------------------------   ------------------------
     00006121  _cpct_setPalette                   cpct_video
     00006138  _cpct_isKeyPressed                 cpct_keyboard
     00006138  cpct_isKeyPressed_asm              cpct_keyboard
     00006144  _cpct_setPALColour                 cpct_video
     00006150  _cpct_getBit                       cpct_bitarray
     0000616F  _cpct_drawStringM2                 cpct_strings
     00006177  cpct_drawStringM2_asm              cpct_strings
     00006190  _cpct_drawSprite                   cpct_sprites
     00006235  __moduchar                         
     00006241  __moduint                          
     0000624C  _cpct_drawCharM2                   cpct_strings
     00006252  cpct_drawCharM2_asm                cpct_strings
     00006298  _memmove                           
     000062B7  _cpct_count2VSYNC                  cpct_video
     000062B7  cpct_count2VSYNC_asm               cpct_video
     000062C3  _cpct_fw2hw                        cpct_video
     000062D6  _cpct_keyboardStatusBuffer         cpct_keyboard
     000062E0  ___sdcc_heap_init                  malloc
     000062FB  _malloc                            malloc
     00006406  _cpct_setSeed_mxor                 cpct_random
     00006406  cpct_setSeed_mxor_asm              cpct_random
     0000640E  __divuint                          
     00006416  __divuchar                         
     0000641D  __divu8                            
     00006420  __divu16                           
     0000644F  cpct_bitWeights                    cpct_bitarray
     00006457  _cpct_reenableFirmware             cpct_firmware
     00006457  cpct_reenableFirmware_asm          cpct_firmware
     00006462  _cpct_getRandom_mxor_u16           cpct_random
     00006462  cpct_getRandom_mxor_u16            cpct_random
     00006484  cpct_firmware2hw_colour            
     0000649F  _memcpy                            _memcpy
     000064EE  _cpct_setVideoMode                 cpct_video
     000064FC  _cpct_px2byteM0                    cpct_sprites
     00006518  _cpct_memset                       cpct_memutils
     00006526  _cpct_px2byteM1                    cpct_sprites
     0000653F  _strlen                            
     0000654E  _cpct_disableFirmware              cpct_firmware
     0000654E  _cpct_removeInterruptHandler       cpct_firmware
     0000654E  cpct_disableFirmware_asm           cpct_firmware
     0000654E  cpct_removeInterruptHandler_asm    cpct_firmware
     0000655E  _cpct_getRandom_mxor_u8            cpct_random
     0000655E  cpct_getRandom_mxor_u8             cpct_random
     0000655F  cpct_randomIdx_mxor_u8             cpct_random
     00006583  _cpct_drawSolidBox                 cpct_sprites
     0000663B  __modschar                         
     00006648  __modsint                          
     00006654  _cpct_mode_rom_status              cpct_firmware
     00006655  _cpct_getScreenPtr                 cpct_video
     00006675  _cpct_scanKeyboard                 cpct_keyboard
     00006675  cpct_scanKeyboard_asm              cpct_keyboard
ASxxxx Linker V03.00 + NoICE + sdld,  page 4.
Hexadecimal  [32-Bits]

Area                                    Addr        Size        Decimal Bytes (Attributes)
--------------------------------        ----        ----        ------- ----- ------------
_CODE                               00004000    0000280D =       10253. bytes (REL,CON)

      Value  Global                              Global Defined In Module
      -----  --------------------------------   ------------------------
     000066A6  __divsint                          
     000066AF  __divschar                         
     000066B6  __div8                             
     000066BA  __div_signexte                     
     000066BE  __div16                            
     000066E4  __get_remainder                    
     000066EE  _free                              free
     000067D2  _cpct_mxor32_seed                  cpct_random
     000067D6  _cpct_nextRandom_mxor_u32          cpct_random
     000067D6  cpct_nextRandom_mxor_u32_asm       cpct_random
     000067F9  dc_mode0_ct                        cpct_strings
     00006809  dc_mode1_ct                        

ASxxxx Linker V03.00 + NoICE + sdld,  page 5.
Hexadecimal  [32-Bits]

Area                                    Addr        Size        Decimal Bytes (Attributes)
--------------------------------        ----        ----        ------- ----- ------------
_DATA                               0000680D    00000F04 =        3844. bytes (REL,CON)

      Value  Global                              Global Defined In Module
      -----  --------------------------------   ------------------------
     0000680D  _p_world                           global
     0000770D  _trainList                         global
     0000770F  ___sdcc_heap_free                  malloc
ASxxxx Linker V03.00 + NoICE + sdld,  page 6.
Hexadecimal  [32-Bits]

Area                                    Addr        Size        Decimal Bytes (Attributes)
--------------------------------        ----        ----        ------- ----- ------------
_INITIALIZED                        00007711    00000002 =           2. bytes (REL,CON)

      Value  Global                              Global Defined In Module
      -----  --------------------------------   ------------------------
     00007711  _CURSOR_MODE                       global
     00007712  _nbTrainList                       global

ASxxxx Linker V03.00 + NoICE + sdld,  page 7.
Hexadecimal  [32-Bits]

Area                                    Addr        Size        Decimal Bytes (Attributes)
--------------------------------        ----        ----        ------- ----- ------------
_GSINIT                             00007713    00000003 =           3. bytes (REL,CON)

      Value  Global                              Global Defined In Module
      -----  --------------------------------   ------------------------
ASxxxx Linker V03.00 + NoICE + sdld,  page 8.
Hexadecimal  [32-Bits]

Area                                    Addr        Size        Decimal Bytes (Attributes)
--------------------------------        ----        ----        ------- ----- ------------
_INITIALIZER                        00007716    00000002 =           2. bytes (REL,CON)

      Value  Global                              Global Defined In Module
      -----  --------------------------------   ------------------------
ASxxxx Linker V03.00 + NoICE + sdld,  page 9.
Hexadecimal  [32-Bits]

Area                                    Addr        Size        Decimal Bytes (Attributes)
--------------------------------        ----        ----        ------- ----- ------------
_g_masktable_0                      00000000    00000100 =         256. bytes (ABS,CON)

      Value  Global                              Global Defined In Module
      -----  --------------------------------   ------------------------
     00000100  _g_masktable                       world

ASxxxx Linker V03.00 + NoICE + sdld,  page 10.
Hexadecimal  [32-Bits]

Area                                    Addr        Size        Decimal Bytes (Attributes)
--------------------------------        ----        ----        ------- ----- ------------
_CSEG                               00007718    00000FF0 =        4080. bytes (REL,CON)

      Value  Global                              Global Defined In Module
      -----  --------------------------------   ------------------------
     00007718  _drawCursor                        world
     0000793D  _patternTile                       world
     00007A27  _generateWorld                     world
     00007D95  _drawTile                          world
     00007FBE  _drawScrolls                       world
     00008057  _drawWorld                         world
     00008094  _setTrainHeading                   world
     00008133  _setPixel                          world
     0000820C  _isPixelBlack                      world
     000082A0  _drawTrains                        world

ASxxxx Linker V03.00 + NoICE + sdld,  page 11.
Hexadecimal  [32-Bits]

Area                                    Addr        Size        Decimal Bytes (Attributes)
--------------------------------        ----        ----        ------- ----- ------------
_HEAP                               00008708    000003FF =        1023. bytes (REL,CON)

      Value  Global                              Global Defined In Module
      -----  --------------------------------   ------------------------
     00008708  ___sdcc_heap                       

ASxxxx Linker V03.00 + NoICE + sdld,  page 12.
Hexadecimal  [32-Bits]

Area                                    Addr        Size        Decimal Bytes (Attributes)
--------------------------------        ----        ----        ------- ----- ------------
_HEAP_END                           00008B07    00000001 =           1. bytes (REL,CON)

      Value  Global                              Global Defined In Module
      -----  --------------------------------   ------------------------
     00008B07  ___sdcc_heap_end                   

ASxxxx Linker V03.00 + NoICE + sdld,  page 13.

Files Linked                              [ module(s) ]

obj/main.rel                              [ main ]
obj/gui/gui.rel                           [ gui ]
obj/data/global.rel                       [ global ]
obj/data/sprites.rel                      [ sprites ]
obj/game/world.rel                        [ world ]
obj/game/game.rel                         [ game ]
obj/game/train.rel                        [ train ]


Libraries Linked                          [ object file ]

/home/arnaud/Software/cpctelera/cpctelera/cpctelera/tools/sdcc-3.6.8-r9946/bin/../share/sdcc/lib/z80/z80.lib
                                          [ realloc.rel ]
/home/arnaud/Software/cpctelera/cpctelera/cpctelera/cpctelera.lib
                                          [ cpct_setPalette_cbindings.rel ]
/home/arnaud/Software/cpctelera/cpctelera/cpctelera/cpctelera.lib
                                          [ cpct_isKeyPressed.rel ]
/home/arnaud/Software/cpctelera/cpctelera/cpctelera/cpctelera.lib
                                          [ cpct_setPALColour_cbindings.rel ]
/home/arnaud/Software/cpctelera/cpctelera/cpctelera/cpctelera.lib
                                          [ cpct_getBit_cbindings.rel ]
/home/arnaud/Software/cpctelera/cpctelera/cpctelera/cpctelera.lib
                                          [ cpct_drawStringM2.rel ]
/home/arnaud/Software/cpctelera/cpctelera/cpctelera/cpctelera.lib
                                          [ cpct_drawSprite_cbindings.rel ]
/home/arnaud/Software/cpctelera/cpctelera/cpctelera/tools/sdcc-3.6.8-r9946/bin/../share/sdcc/lib/z80/z80.lib
                                          [ modunsigned.rel ]
/home/arnaud/Software/cpctelera/cpctelera/cpctelera/cpctelera.lib
                                          [ cpct_drawCharM2.rel ]
/home/arnaud/Software/cpctelera/cpctelera/cpctelera/tools/sdcc-3.6.8-r9946/bin/../share/sdcc/lib/z80/z80.lib
                                          [ memmove.rel ]
/home/arnaud/Software/cpctelera/cpctelera/cpctelera/cpctelera.lib
                                          [ cpct_count2VSYNC.rel ]
/home/arnaud/Software/cpctelera/cpctelera/cpctelera/cpctelera.lib
                                          [ cpct_fw2hw_cbindings.rel ]
/home/arnaud/Software/cpctelera/cpctelera/cpctelera/cpctelera.lib
                                          [ keyboard.rel ]
/home/arnaud/Software/cpctelera/cpctelera/cpctelera/tools/sdcc-3.6.8-r9946/bin/../share/sdcc/lib/z80/z80.lib
                                          [ malloc.rel ]
/home/arnaud/Software/cpctelera/cpctelera/cpctelera/cpctelera.lib
                                          [ cpct_setSeed_mxor.rel ]
/home/arnaud/Software/cpctelera/cpctelera/cpctelera/tools/sdcc-3.6.8-r9946/bin/../share/sdcc/lib/z80/z80.lib
                                          [ divunsigned.rel ]
/home/arnaud/Software/cpctelera/cpctelera/cpctelera/cpctelera.lib
                                          [ cpct_bitWeightsVector.rel ]
/home/arnaud/Software/cpctelera/cpctelera/cpctelera/cpctelera.lib
                                          [ cpct_reenableFirmware.rel ]
/home/arnaud/Software/cpctelera/cpctelera/cpctelera/cpctelera.lib
                                          [ cpct_getRandom_mxor_u16.rel ]
/home/arnaud/Software/cpctelera/cpctelera/cpctelera/cpctelera.lib
                                          [ cpct_firmware2hw_colour_table.re ]
/home/arnaud/Software/cpctelera/cpctelera/cpctelera/tools/sdcc-3.6.8-r9946/bin/../share/sdcc/lib/z80/z80.lib
                                          [ _memcpy.rel ]
/home/arnaud/Software/cpctelera/cpctelera/cpctelera/cpctelera.lib
                                          [ cpct_setVideoMode_cbindings.rel ]
/home/arnaud/Software/cpctelera/cpctelera/cpctelera/cpctelera.lib
                                          [ cpct_px2byteM0_cbindings.rel ]
/home/arnaud/Software/cpctelera/cpctelera/cpctelera/cpctelera.lib
                                          [ cpct_memset_cbinding.rel ]
/home/arnaud/Software/cpctelera/cpctelera/cpctelera/cpctelera.lib
                                          [ cpct_px2byteM1.rel ]
/home/arnaud/Software/cpctelera/cpctelera/cpctelera/tools/sdcc-3.6.8-r9946/bin/../share/sdcc/lib/z80/z80.lib
                                          [ heap.rel ]
/home/arnaud/Software/cpctelera/cpctelera/cpctelera/tools/sdcc-3.6.8-r9946/bin/../share/sdcc/lib/z80/z80.lib
                                          [ strlen.rel ]
/home/arnaud/Software/cpctelera/cpctelera/cpctelera/cpctelera.lib
                                          [ cpct_removeInterruptHandler.rel ]
/home/arnaud/Software/cpctelera/cpctelera/cpctelera/cpctelera.lib
                                          [ cpct_getRandom_mxor_u8.rel ]
/home/arnaud/Software/cpctelera/cpctelera/cpctelera/cpctelera.lib
                                          [ cpct_drawSolidBox_cbindings.rel ]
/home/arnaud/Software/cpctelera/cpctelera/cpctelera/tools/sdcc-3.6.8-r9946/bin/../share/sdcc/lib/z80/z80.lib
                                          [ modsigned.rel ]
/home/arnaud/Software/cpctelera/cpctelera/cpctelera/cpctelera.lib
                                          [ cpc_mode_rom_status.rel ]
/home/arnaud/Software/cpctelera/cpctelera/cpctelera/cpctelera.lib
                                          [ cpct_getScreenPtr_cbindings.rel ]
/home/arnaud/Software/cpctelera/cpctelera/cpctelera/cpctelera.lib
                                          [ cpct_scanKeyboard.rel ]
/home/arnaud/Software/cpctelera/cpctelera/cpctelera/tools/sdcc-3.6.8-r9946/bin/../share/sdcc/lib/z80/z80.lib
                                          [ divsigned.rel ]
/home/arnaud/Software/cpctelera/cpctelera/cpctelera/tools/sdcc-3.6.8-r9946/bin/../share/sdcc/lib/z80/z80.lib
                                          [ free.rel ]
/home/arnaud/Software/cpctelera/cpctelera/cpctelera/cpctelera.lib
                                          [ cpct_mxor32_seed.rel ]
/home/arnaud/Software/cpctelera/cpctelera/cpctelera/cpctelera.lib
                                          [ cpct_nextRandom_mxor_u32.rel ]
/home/arnaud/Software/cpctelera/cpctelera/cpctelera/cpctelera.lib
                                          [ cpct_dc_mode0_ct.rel ]
/home/arnaud/Software/cpctelera/cpctelera/cpctelera/cpctelera.lib
                                          [ cpct_dc_mode1_ct.rel ]

ASxxxx Linker V03.00 + NoICE + sdld,  page 14.

User Base Address Definitions

_CODE = 0x4000
_DATA = 0x0000

